LOG started on: 10/05/2026 16:04:09 

Using add-on server "https://kexquake.s3.amazonaws.com"
Playing registered version.
Using renderer/network isolation.
Console initialized.
UDP Initialized
WIPX_OpenSocket: Address family not supported by protocol family
WIPX_Init: Unable to open control socket, IPX disabled
Server using protocol 999 (RMQ)
Exe: 10:28:01 Aug 11 2026 (Windows 64-bit)
384.0 megabyte heap

Video initialization
Video mode: 800 x 600 24bit Z24 S8 144Hz
GL_VENDOR:   NVIDIA Corporation
GL_RENDERER: NVIDIA GeForce RTX 4070/PCIe/SSE2
GL_VERSION:  4.3.0 NVIDIA 591.86
FOUND: EXT_texture_filter_anisotropic
FOUND: ARB_buffer_storage
FOUND: ARB_multi_bind
FOUND: ARB_bindless_texture
FOUND: ARB_shader_draw_parameters
FOUND: ARB_clip_control

Sound Initialization
SDL audio spec  : 44100 Hz, 1024 samples, 2 channels
SDL audio driver: wasapi - Speakers (Logitech G432 Gaming Headset), 65536 bytes buffer
Audio: 16 bit, stereo, 44100 Hz

Language initialization
Loaded 1 strings from 'localization/loc_english.txt'

========= Quake Initialized =========


Add-on server status:
 29 add-ons available for download
  0 add-ons already installed

execing quake.rc
execing default.cfg
execing benchmark.cfg
BENCH_SESSION_1791241449739410400 
BENCH_BEGIN_connect 
Port set to 26000
trying...
Connection accepted
CL_EstablishConnection: connected to denver.quakeone.com:26000
----------------------------------------
                    
                    
                    
                    
         ------ CRMod 7 ------
                    
                    
      ClanRing Multiplayer Server
                    
                    
           original works by 
   J.P. Grossman & Dave 'Zoid' Kirsch
                    
                    
              ------------
                    
                    
                    
                    
                    
                    
                    
----------------------------------------

QSS-M 1.6.9-1aa5a7d Server (37005 CRC)
Serverinfo packet received.
Clearing memory

----------------------------------------

Sanctuary of the Silent Scribes • by infiniti (2 Min Quad Spawns)
Using protocol 666
Warning: 37642 faces exceeds standard limit of 32767.
Map has lit water
Warning: 56989 marksurfaces exceeds standard limit of 32767.
Warning: 54889 clipnodes exceeds standard limit of 32767.
Warning: 18627 visleafs exceeds standard limit of 8192.
--> client to server keepalive
Lightmap size:   1280 x 1280 (22/25 blocks)
Lightmap memory: 6.2 MB (83.7% efficiency)
Warning: 88 lightmaps exceeds standard limit of 64.
Couldn't load gfx/env/nightmtns_rt
Couldn't load gfx/env/nightmtns_bk
Couldn't load gfx/env/nightmtns_lf
Couldn't load gfx/env/nightmtns_ft
Couldn't load gfx/env/nightmtns_up
Couldn't load gfx/env/nightmtns_dn
Server sent unknown command fullserverinfo
FindFile: can't find music/track00.mp3
Couldn't find a cdrip for track 0
CL_SignonReply: 1
no cvars/commands contain 'cl_serverextension_download'
FindFile: can't find csprogs.dat
Programs occupy 403K.
CL_SignonReply: 2
CRMod: q_version
CL_SignonReply: 3
345.3 megabyte data cache
CL_SignonReply: 4
