/Users/timbergeron/codedev/QSS-M/macOS/build/Debug/QSS-M.app/Contents/MacOS/QSS-M -basedir /Users/timbergeron/Desktop/qssm -game mg3 -nosound -dedicated +set developer 1 +map map1 +wait +wait +quit

UDP_Init: skipping gethostbyname for tbmbp.local
UDP4 Initialized
UDPv6 Initialized
Generated temp DTLS identity in 122ms
Server using protocol 999+ (FTE-RMQ)
Exe: 09:25:46 Sep  1 2026
384.0 megabyte heap

Language initialization
Loaded 1671 strings from 'localization/loc_english.txt'

========= Quake Initialized =========

couldn't exec server.cfg
execing configs/autoexec.cfg
Unknown command "volume"
Unknown command "mute"
SpawnServer: map1
Clearing memory
progs.dat occupies 619K.
Mod_LoadTextures maps/map1.bsp: findfile 0.0ms (0 calls) texmgr 0.0ms (0 calls)
Loaded external entity file maps//map1.ent
Mod_LoadBrushModel maps/map1.bsp: geom 1.1ms tex 0.3ms light 0.5ms faces 25.3ms
Mod_LoadBrushModel maps/map1.bsp: nodes 1.4ms watervis 0.1ms
Mod_LoadModel maps/map1.bsp: read 1.9ms parse 29.5ms (13108140 bytes)
"mapversion" is not a field
Mod_LoadModel progs/h_player.mdl: read 0.0ms parse 16.9ms (41916 bytes)
Mod_LoadModel progs/gib1.mdl: read 0.0ms parse 7.7ms (5716 bytes)
Mod_LoadModel progs/gib2.mdl: read 0.0ms parse 12.9ms (16228 bytes)
Mod_LoadModel progs/v_axe.mdl: read 0.0ms parse 11.9ms (57908 bytes)
Mod_LoadModel progs/v_shot.mdl: read 0.0ms parse 13.3ms (43852 bytes)
Mod_LoadModel progs/v_nail.mdl: read 0.0ms parse 16.8ms (54472 bytes)
Mod_LoadModel progs/v_rock.mdl: read 0.0ms parse 9.6ms (81820 bytes)
Mod_LoadModel progs/v_shot2.mdl: read 0.0ms parse 15.1ms (50816 bytes)
Mod_LoadModel progs/v_nail2.mdl: read 0.0ms parse 8.3ms (111124 bytes)
Mod_LoadModel progs/lavaball.mdl: read 0.0ms parse 21.1ms (8788 bytes)
Mod_LoadModel progs/backpack.mdl: read 0.0ms parse 16.1ms (19348 bytes)
Mod_LoadModel progs/zom_gib.mdl: read 0.0ms parse 27.4ms (10196 bytes)
Mod_LoadModel progs/v_light.mdl: read 0.0ms parse 8.2ms (89796 bytes)
Mod_LoadModel progs/h_dog.mdl: read 0.0ms parse 10.6ms (24436 bytes)
Mod_LoadModel progs/dog.mdl: read 0.0ms parse 14.9ms (146056 bytes)
Mod_LoadTextures maps/b_bh25.bsp: findfile 0.0ms (0 calls) texmgr 0.0ms (0 calls)
Mod_LoadBrushModel maps/b_bh25.bsp: geom 0.0ms tex 0.0ms light 0.0ms faces 0.2ms
trying to open external vis file
maps/b_bh25.vis not found, trying mg3.vis
external vis not found
Mod_DecompressVis: leaf VIS offset out of range on model "maps/b_bh25.bsp"
Mod_LoadBrushModel maps/b_bh25.bsp: nodes 0.0ms watervis 0.0ms
Mod_LoadModel progs/ogre.mdl: read 0.0ms parse 128.3ms (162036 bytes)
Mod_LoadModel progs/h_ogre.mdl: read 0.0ms parse 11.8ms (14900 bytes)
Mod_LoadTextures maps/b_shell0.bsp: findfile 0.0ms (0 calls) texmgr 0.0ms (0 calls)
Mod_LoadBrushModel maps/b_shell0.bsp: geom 0.0ms tex 0.0ms light 0.0ms faces 0.1ms
trying to open external vis file
maps/b_shell0.vis not found, trying mg3.vis
external vis not found
Mod_DecompressVis: leaf VIS offset out of range on model "maps/b_shell0.bsp"
Mod_LoadBrushModel maps/b_shell0.bsp: nodes 0.0ms watervis 0.0ms
Mod_LoadTextures maps/b_nail0.bsp: findfile 0.0ms (0 calls) texmgr 0.0ms (0 calls)
Mod_LoadBrushModel maps/b_nail0.bsp: geom 0.0ms tex 0.0ms light 0.0ms faces 0.0ms
trying to open external vis file
maps/b_nail0.vis not found, trying mg3.vis
external vis not found
Mod_DecompressVis: leaf VIS offset out of range on model "maps/b_nail0.bsp"
Mod_LoadBrushModel maps/b_nail0.bsp: nodes 0.0ms watervis 0.0ms
Mod_LoadModel progs/enforcer.mdl: read 0.0ms parse 26.5ms (160688 bytes)
Mod_LoadModel progs/h_mega.mdl: read 0.1ms parse 5.7ms (11828 bytes)
Mod_LoadTextures maps/b_nail1.bsp: findfile 0.0ms (0 calls) texmgr 0.0ms (0 calls)
Mod_LoadBrushModel maps/b_nail1.bsp: geom 0.0ms tex 0.0ms light 0.0ms faces 0.1ms
trying to open external vis file
maps/b_nail1.vis not found, trying mg3.vis
external vis not found
Mod_DecompressVis: leaf VIS offset out of range on model "maps/b_nail1.bsp"
Mod_LoadBrushModel maps/b_nail1.bsp: nodes 0.0ms watervis 0.0ms
Mod_LoadModel progs/armor.mdl: read 0.0ms parse 26.4ms (44076 bytes)
Mod_LoadTextures maps/b_bh10.bsp: findfile 0.0ms (0 calls) texmgr 0.0ms (0 calls)
Mod_LoadBrushModel maps/b_bh10.bsp: geom 0.0ms tex 0.0ms light 0.0ms faces 0.2ms
trying to open external vis file
maps/b_bh10.vis not found, trying mg3.vis
external vis not found
Mod_DecompressVis: leaf VIS offset out of range on model "maps/b_bh10.bsp"
Mod_LoadBrushModel maps/b_bh10.bsp: nodes 0.0ms watervis 0.0ms
Mod_LoadModel progs/soldier.mdl: read 0.0ms parse 30.7ms (146288 bytes)
Mod_LoadModel progs/h_guard.mdl: read 0.0ms parse 9.2ms (5428 bytes)
Mod_LoadModel progs/fish.mdl: read 0.0ms parse 28.1ms (81900 bytes)
Mod_LoadTextures maps/b_shell1.bsp: findfile 0.0ms (0 calls) texmgr 0.0ms (0 calls)
Mod_LoadBrushModel maps/b_shell1.bsp: geom 0.0ms tex 0.0ms light 0.0ms faces 0.1ms
trying to open external vis file
maps/b_shell1.vis not found, trying mg3.vis
external vis not found
Mod_DecompressVis: leaf VIS offset out of range on model "maps/b_shell1.bsp"
Mod_LoadBrushModel maps/b_shell1.bsp: nodes 0.0ms watervis 0.0ms
Mod_LoadModel progs/b_s_key.mdl: read 0.0ms parse 9.5ms (5716 bytes)
Mod_LoadTextures maps/b_rock0.bsp: findfile 0.0ms (0 calls) texmgr 0.0ms (0 calls)
Mod_LoadBrushModel maps/b_rock0.bsp: geom 0.0ms tex 0.0ms light 0.0ms faces 0.2ms
trying to open external vis file
maps/b_rock0.vis not found, trying mg3.vis
external vis not found
Mod_DecompressVis: leaf VIS offset out of range on model "maps/b_rock0.bsp"
Mod_LoadBrushModel maps/b_rock0.bsp: nodes 0.0ms watervis 0.0ms
Mod_LoadModel progs/flame2.mdl: read 0.0ms parse 8.5ms (64572 bytes)
'-160 -624 -112'
'-928 -512 160'
Mod_LoadModel progs/shambler.mdl: read 0.0ms parse 13.4ms (98556 bytes)
Mod_LoadModel progs/h_shams.mdl: read 0.0ms parse 11.8ms (37060 bytes)
Mod_LoadTextures maps/b_bh100.bsp: findfile 0.0ms (0 calls) texmgr 0.0ms (0 calls)
Mod_LoadBrushModel maps/b_bh100.bsp: geom 0.0ms tex 0.0ms light 0.0ms faces 0.2ms
trying to open external vis file
maps/b_bh100.vis not found, trying mg3.vis
external vis not found
Mod_DecompressVis: leaf VIS offset out of range on model "maps/b_bh100.bsp"
Mod_LoadBrushModel maps/b_bh100.bsp: nodes 0.0ms watervis 0.0ms
Mod_LoadTextures maps/b_rock1.bsp: findfile 0.0ms (0 calls) texmgr 0.0ms (0 calls)
Mod_LoadBrushModel maps/b_rock1.bsp: geom 0.0ms tex 0.0ms light 0.0ms faces 0.1ms
trying to open external vis file
maps/b_rock1.vis not found, trying mg3.vis
external vis not found
Mod_DecompressVis: leaf VIS offset out of range on model "maps/b_rock1.bsp"
Mod_LoadBrushModel maps/b_rock1.bsp: nodes 0.0ms watervis 0.0ms
started bloody sg



Mod_LoadModel progs/knight.mdl: read 0.0ms parse 65.3ms (101404 bytes)
Mod_LoadModel progs/zombie.mdl: read 0.0ms parse 36.4ms (186084 bytes)
Mod_LoadModel progs/h_zombie.mdl: read 0.0ms parse 7.6ms (4484 bytes)
Mod_LoadModel progs/hknight.mdl: read 0.0ms parse 18.7ms (228400 bytes)
Mod_LoadModel progs/demon.mdl: read 0.0ms parse 22.3ms (102120 bytes)
Mod_LoadModel progs/h_demon.mdl: read 0.0ms parse 41.2ms (34884 bytes)
Mod_LoadModel progs/shalrath.mdl: read 0.0ms parse 26.3ms (80648 bytes)
Mod_LoadModel progs/h_shal.mdl: read 0.0ms parse 10.0ms (28036 bytes)
Mod_LoadModel progs/v_spike.mdl: read 0.0ms parse 11.4ms (13684 bytes)
Mod_LoadModel progs/quaddama.mdl: read 0.0ms parse 9.2ms (39992 bytes)
0 entities inhibited
ED_LoadFromFile: 890.5ms (models 827.2ms/87 read 2.2ms findfile 16.7ms/3333 texmgr 0.0ms/220)
Server spawned.
Terminal input not available.
Bonus item fell out of level at '-688 400 38'
Bonus item fell out of level at '1560 424 -58'
Bonus item fell out of level at '128 -992 38'
Bonus item fell out of level at '1560 344 -58'
Bonus item fell out of level at '576 2520 70'
