/Users/timbergeron/codedev/QSS-M/macOS/build/Debug/QSS-M.app/Contents/MacOS/QSS-M -basedir /Users/timbergeron/Desktop/qssm -game mg1 -nosound -dedicated +set developer 1 +map mge5m2 +wait +wait +quit

UDP_Init: skipping gethostbyname for tbmbp.local
UDP4 Initialized
UDPv6 Initialized
Generated temp DTLS identity in 117ms
Server using protocol 999+ (FTE-RMQ)
Exe: 09:25:46 Sep  1 2026
384.0 megabyte heap

Language initialization
Loaded 1671 strings from 'localization/loc_english.txt'

========= Quake Initialized =========

couldn't exec server.cfg
execing configs/autoexec.cfg
Unknown command "volume"
Unknown command "mute"
SpawnServer: mge5m2
Clearing memory
progs.dat occupies 422K.
Mod_LoadTextures maps/mge5m2.bsp: findfile 0.0ms (0 calls) texmgr 0.0ms (0 calls)
Mod_LoadBrushModel maps/mge5m2.bsp: geom 1.8ms tex 0.3ms light 0.9ms faces 40.8ms
Mod_LoadBrushModel maps/mge5m2.bsp: nodes 2.5ms watervis 0.1ms
Mod_LoadModel maps/mge5m2.bsp: read 2.6ms parse 47.9ms (18490096 bytes)
Mod_LoadModel progs/eyes.mdl: read 0.0ms parse 5.0ms (4372 bytes)
Mod_LoadModel progs/h_player.mdl: read 0.0ms parse 17.3ms (41916 bytes)
Mod_LoadModel progs/gib1.mdl: read 0.0ms parse 7.7ms (5716 bytes)
Mod_LoadModel progs/gib2.mdl: read 0.0ms parse 13.0ms (16228 bytes)
Mod_LoadModel progs/v_axe.mdl: read 0.0ms parse 12.1ms (57908 bytes)
Mod_LoadModel progs/v_shot.mdl: read 0.0ms parse 13.3ms (43852 bytes)
Mod_LoadModel progs/v_nail.mdl: read 0.0ms parse 16.9ms (54472 bytes)
Mod_LoadModel progs/v_rock.mdl: read 0.0ms parse 9.5ms (81820 bytes)
Mod_LoadModel progs/v_shot2.mdl: read 0.0ms parse 14.7ms (50816 bytes)
Mod_LoadModel progs/v_nail2.mdl: read 0.0ms parse 8.4ms (111124 bytes)
Mod_LoadModel progs/lavaball.mdl: read 0.0ms parse 20.9ms (8788 bytes)
Mod_LoadModel progs/grenade.mdl: read 0.0ms parse 5.0ms (68612 bytes)
Mod_LoadModel progs/backpack.mdl: read 0.0ms parse 15.9ms (19348 bytes)
Mod_LoadModel progs/zom_gib.mdl: read 0.0ms parse 27.4ms (10196 bytes)
Mod_LoadModel progs/v_light.mdl: read 0.0ms parse 8.3ms (89796 bytes)
Mod_LoadTextures maps/b_shell1.bsp: findfile 0.0ms (0 calls) texmgr 0.0ms (0 calls)
Mod_LoadBrushModel maps/b_shell1.bsp: geom 0.0ms tex 0.0ms light 0.0ms faces 0.1ms
trying to open external vis file
maps/b_shell1.vis not found, trying mg1.vis
external vis not found
Mod_DecompressVis: leaf VIS offset out of range on model "maps/b_shell1.bsp"
Mod_LoadBrushModel maps/b_shell1.bsp: nodes 0.0ms watervis 0.0ms
Mod_LoadTextures maps/b_bh25.bsp: findfile 0.0ms (0 calls) texmgr 0.0ms (0 calls)
Mod_LoadBrushModel maps/b_bh25.bsp: geom 0.0ms tex 0.0ms light 0.0ms faces 0.2ms
trying to open external vis file
maps/b_bh25.vis not found, trying mg1.vis
external vis not found
Mod_DecompressVis: leaf VIS offset out of range on model "maps/b_bh25.bsp"
Mod_LoadBrushModel maps/b_bh25.bsp: nodes 0.0ms watervis 0.0ms
Mod_LoadTextures maps/b_nail1.bsp: findfile 0.0ms (0 calls) texmgr 0.0ms (0 calls)
Mod_LoadBrushModel maps/b_nail1.bsp: geom 0.0ms tex 0.0ms light 0.0ms faces 0.1ms
trying to open external vis file
maps/b_nail1.vis not found, trying mg1.vis
external vis not found
Mod_DecompressVis: leaf VIS offset out of range on model "maps/b_nail1.bsp"
Mod_LoadBrushModel maps/b_nail1.bsp: nodes 0.0ms watervis 0.0ms
Mod_LoadModel progs/armor.mdl: read 0.0ms parse 26.8ms (44076 bytes)
Mod_LoadModel progs/knight.mdl: read 0.0ms parse 65.8ms (101404 bytes)
Mod_LoadModel progs/h_knight.mdl: read 0.1ms parse 5.0ms (7156 bytes)
Mod_LoadTextures maps/b_batt1.bsp: findfile 0.0ms (0 calls) texmgr 0.0ms (0 calls)
Mod_LoadBrushModel maps/b_batt1.bsp: geom 0.0ms tex 0.0ms light 0.0ms faces 0.1ms
trying to open external vis file
maps/b_batt1.vis not found, trying mg1.vis
external vis not found
Mod_DecompressVis: leaf VIS offset out of range on model "maps/b_batt1.bsp"
Mod_LoadBrushModel maps/b_batt1.bsp: nodes 0.0ms watervis 0.0ms
Mod_LoadTextures maps/b_rock0.bsp: findfile 0.0ms (0 calls) texmgr 0.0ms (0 calls)
Mod_LoadBrushModel maps/b_rock0.bsp: geom 0.0ms tex 0.0ms light 0.0ms faces 0.2ms
trying to open external vis file
maps/b_rock0.vis not found, trying mg1.vis
external vis not found
Mod_DecompressVis: leaf VIS offset out of range on model "maps/b_rock0.bsp"
Mod_LoadBrushModel maps/b_rock0.bsp: nodes 0.0ms watervis 0.0ms
Mod_LoadTextures maps/b_bh100.bsp: findfile 0.0ms (0 calls) texmgr 0.0ms (0 calls)
Mod_LoadBrushModel maps/b_bh100.bsp: geom 0.0ms tex 0.0ms light 0.0ms faces 0.2ms
trying to open external vis file
maps/b_bh100.vis not found, trying mg1.vis
external vis not found
Mod_DecompressVis: leaf VIS offset out of range on model "maps/b_bh100.bsp"
Mod_LoadBrushModel maps/b_bh100.bsp: nodes 0.0ms watervis 0.0ms
Mod_LoadModel progs/flame2.mdl: read 0.0ms parse 8.6ms (64572 bytes)
Mod_LoadTextures maps/b_batt0.bsp: findfile 0.0ms (0 calls) texmgr 0.0ms (0 calls)
Mod_LoadBrushModel maps/b_batt0.bsp: geom 0.0ms tex 0.0ms light 0.0ms faces 0.1ms
trying to open external vis file
maps/b_batt0.vis not found, trying mg1.vis
external vis not found
Mod_DecompressVis: leaf VIS offset out of range on model "maps/b_batt0.bsp"
Mod_LoadBrushModel maps/b_batt0.bsp: nodes 0.0ms watervis 0.0ms
Mod_LoadTextures maps/b_shell0.bsp: findfile 0.0ms (0 calls) texmgr 0.0ms (0 calls)
Mod_LoadBrushModel maps/b_shell0.bsp: geom 0.0ms tex 0.0ms light 0.0ms faces 0.1ms
trying to open external vis file
maps/b_shell0.vis not found, trying mg1.vis
external vis not found
Mod_DecompressVis: leaf VIS offset out of range on model "maps/b_shell0.bsp"
Mod_LoadBrushModel maps/b_shell0.bsp: nodes 0.0ms watervis 0.0ms
Mod_LoadTextures maps/b_nail0.bsp: findfile 0.0ms (0 calls) texmgr 0.0ms (0 calls)
Mod_LoadBrushModel maps/b_nail0.bsp: geom 0.0ms tex 0.0ms light 0.0ms faces 0.0ms
trying to open external vis file
maps/b_nail0.vis not found, trying mg1.vis
external vis not found
Mod_DecompressVis: leaf VIS offset out of range on model "maps/b_nail0.bsp"
Mod_LoadBrushModel maps/b_nail0.bsp: nodes 0.0ms watervis 0.0ms
SPAWNING SIGIL: 16
PREP SIGIL
Mod_LoadModel progs/ogre.mdl: read 0.0ms parse 128.0ms (162036 bytes)
Mod_LoadModel progs/h_ogre.mdl: read 0.0ms parse 11.8ms (14900 bytes)
Mod_LoadModel progs/shalrath.mdl: read 0.0ms parse 26.4ms (80648 bytes)
Mod_LoadModel progs/h_shal.mdl: read 0.0ms parse 9.8ms (28036 bytes)
Mod_LoadModel progs/v_spike.mdl: read 0.0ms parse 11.3ms (13684 bytes)
Mod_LoadModel progs/hknight.mdl: read 0.0ms parse 19.1ms (228400 bytes)
Mod_LoadModel progs/wizard.mdl: read 0.0ms parse 38.0ms (64472 bytes)
Mod_LoadModel progs/h_wizard.mdl: read 0.0ms parse 7.2ms (14804 bytes)
Mod_LoadModel progs/enforcer.mdl: read 0.0ms parse 26.3ms (160688 bytes)
Mod_LoadModel progs/soldier.mdl: read 0.1ms parse 30.6ms (146288 bytes)
Mod_LoadModel progs/shambler.mdl: read 0.1ms parse 13.1ms (98556 bytes)
Mod_LoadModel progs/h_shams.mdl: read 0.0ms parse 12.1ms (37060 bytes)
Mod_LoadModel progs/tarbaby.mdl: read 0.0ms parse 23.4ms (98148 bytes)
Mod_LoadTextures maps/b_exbox2.bsp: findfile 0.0ms (0 calls) texmgr 0.0ms (0 calls)
Mod_LoadBrushModel maps/b_exbox2.bsp: geom 0.0ms tex 0.0ms light 0.0ms faces 0.1ms
trying to open external vis file
maps/b_exbox2.vis not found, trying mg1.vis
external vis not found
Mod_DecompressVis: leaf VIS offset out of range on model "maps/b_exbox2.bsp"
Mod_LoadBrushModel maps/b_exbox2.bsp: nodes 0.0ms watervis 0.0ms
Mod_LoadTextures maps/b_explob.bsp: findfile 0.0ms (0 calls) texmgr 0.0ms (0 calls)
Mod_LoadBrushModel maps/b_explob.bsp: geom 0.0ms tex 0.0ms light 0.0ms faces 0.1ms
trying to open external vis file
maps/b_explob.vis not found, trying mg1.vis
external vis not found
Mod_DecompressVis: leaf VIS offset out of range on model "maps/b_explob.bsp"
Mod_LoadBrushModel maps/b_explob.bsp: nodes 0.0ms watervis 0.0ms
Mod_LoadModel progs/h_mega.mdl: read 0.0ms parse 5.9ms (11828 bytes)
Mod_LoadModel progs/h_guard.mdl: read 0.0ms parse 9.5ms (5428 bytes)
Mod_LoadModel progs/h_dog.mdl: read 0.0ms parse 10.4ms (24436 bytes)
Mod_LoadModel progs/dog.mdl: read 0.0ms parse 14.9ms (146056 bytes)
Mod_LoadModel progs/demon.mdl: read 0.0ms parse 22.1ms (102120 bytes)
Mod_LoadModel progs/h_demon.mdl: read 0.0ms parse 41.5ms (34884 bytes)
Mod_LoadModel progs/zombie.mdl: read 0.1ms parse 36.5ms (186084 bytes)
Mod_LoadModel progs/h_zombie.mdl: read 0.0ms parse 7.7ms (4484 bytes)
Mod_LoadTextures maps/b_bh10.bsp: findfile 0.0ms (0 calls) texmgr 0.0ms (0 calls)
Mod_LoadBrushModel maps/b_bh10.bsp: geom 0.0ms tex 0.0ms light 0.0ms faces 0.2ms
trying to open external vis file
maps/b_bh10.vis not found, trying mg1.vis
external vis not found
Mod_DecompressVis: leaf VIS offset out of range on model "maps/b_bh10.bsp"
Mod_LoadBrushModel maps/b_bh10.bsp: nodes 0.0ms watervis 0.0ms
Mod_LoadModel progs/s_light.spr: read 0.0ms parse 36.4ms (1080 bytes)
Mod_LoadModel progs/quaddama.mdl: read 0.0ms parse 9.1ms (39992 bytes)
0 entities inhibited
ED_LoadFromFile: 934.4ms (models 879.6ms/79 read 1.8ms findfile 16.4ms/3161 texmgr 0.0ms/199)
Server spawned.
Terminal input not available.
Bonus item fell out of level at '616 1032 550'
Bonus item fell out of level at '1064 1032 550'
Bonus item fell out of level at '-1832 952 -506'
