/Users/timbergeron/codedev/QSS-M/macOS/build/Debug/QSS-M.app/Contents/MacOS/QSS-M -basedir /Users/timbergeron/Desktop/qssm -game mg1 -nosound -dedicated +set developer 1 +map start +wait +wait +quit

UDP_Init: skipping gethostbyname for tbmbp.local
UDP4 Initialized
UDPv6 Initialized
Generated temp DTLS identity in 143ms
Server using protocol 999+ (FTE-RMQ)
Exe: 09:25:46 Sep  1 2026
384.0 megabyte heap

Language initialization
Loaded 1671 strings from 'localization/loc_english.txt'

========= Quake Initialized =========

couldn't exec server.cfg
execing configs/autoexec.cfg
Unknown command "volume"
Unknown command "mute"
SpawnServer: start
Clearing memory
progs.dat occupies 422K.
Mod_LoadTextures maps/start.bsp: findfile 0.0ms (0 calls) texmgr 0.0ms (0 calls)
ignored maps//start.ent from a gamedir with lower priority
Mod_LoadBrushModel maps/start.bsp: geom 2.3ms tex 0.1ms light 0.4ms faces 48.3ms
Mod_LoadBrushModel maps/start.bsp: nodes 2.3ms watervis 0.1ms
Mod_LoadModel maps/start.bsp: read 2.4ms parse 55.4ms (16177620 bytes)
"mapversion" is not a field
Mod_LoadModel progs/eyes.mdl: read 0.0ms parse 5.2ms (4372 bytes)
Mod_LoadModel progs/h_player.mdl: read 0.0ms parse 16.9ms (41916 bytes)
Mod_LoadModel progs/gib1.mdl: read 0.0ms parse 7.6ms (5716 bytes)
Mod_LoadModel progs/gib2.mdl: read 0.0ms parse 12.9ms (16228 bytes)
Mod_LoadModel progs/v_axe.mdl: read 0.0ms parse 11.8ms (57908 bytes)
Mod_LoadModel progs/v_shot.mdl: read 0.0ms parse 13.3ms (43852 bytes)
Mod_LoadModel progs/v_nail.mdl: read 0.0ms parse 16.7ms (54472 bytes)
Mod_LoadModel progs/v_rock.mdl: read 0.0ms parse 9.5ms (81820 bytes)
Mod_LoadModel progs/v_shot2.mdl: read 0.0ms parse 14.7ms (50816 bytes)
Mod_LoadModel progs/v_nail2.mdl: read 0.1ms parse 8.5ms (111124 bytes)
Mod_LoadModel progs/lavaball.mdl: read 0.0ms parse 21.0ms (8788 bytes)
Mod_LoadModel progs/backpack.mdl: read 0.0ms parse 16.0ms (19348 bytes)
Mod_LoadModel progs/zom_gib.mdl: read 0.0ms parse 27.1ms (10196 bytes)
Mod_LoadModel progs/v_light.mdl: read 0.0ms parse 8.1ms (89796 bytes)
Mod_LoadModel progs/h_dog.mdl: read 0.0ms parse 10.4ms (24436 bytes)
Mod_LoadModel progs/h_guard.mdl: read 0.0ms parse 9.2ms (5428 bytes)
Mod_LoadModel progs/h_mega.mdl: read 0.0ms parse 5.6ms (11828 bytes)
3 entities inhibited
ED_LoadFromFile: 249.9ms (models 234.2ms/30 read 0.6ms findfile 7.2ms/1451 texmgr 0.0ms/103)
Server spawned.
Terminal input not available.
