--- fte\qconsole.log ---
FPS_BENCH_fteqw_ctf2m8_1791325302338343300
2026-10-06 15:21:42 "vid_width" is "800"
2026-10-06 15:21:42 Default: "0"
2026-10-06 15:21:42 "vid_height" is "600"
2026-10-06 15:21:42 Default: "0"
2026-10-06 15:21:42 "vid_vsync" is "0" (default)
2026-10-06 15:21:42 Playing demo from fps_ctf2m8.dem.
2026-10-06 15:21:42 Setting windowed mode 800*600 OpenGL
2026-10-06 15:21:42 GL_VENDOR: NVIDIA Corporation
2026-10-06 15:21:42 GL_RENDERER: NVIDIA GeForce RTX 4070/PCIe/SSE2
2026-10-06 15:21:42 GL_VERSION: 4.6.0 NVIDIA 610.88
2026-10-06 15:21:43 OpenGL renderer initialized
2026-10-06 15:21:43 ^Ue080^Ue081^Ue081^Ue081^Ue081^Ue081^Ue081 Quake Initialized ^Ue081^Ue081^Ue081^Ue081^Ue081^Ue081^Ue082
2026-10-06 15:21:43 
2026-10-06 15:21:43 
2026-10-06 15:21:43 ^Ue01d^Ue01e^Ue01e^Ue01e^Ue01e^Ue01e^Ue01e^Ue01e^Ue01e^Ue01e^Ue01e^Ue01e^Ue01e^Ue01e^Ue01e^Ue01e^Ue01e^Ue01e^Ue01f
2026-10-06 15:21:43 
2026-10-06 15:21:43 Capturephobopolis
2026-10-06 15:21:43 1443 frames   0.5 seconds 3102.6 fps
