--- fte\qconsole.log ---
FPS_BENCH_fteqw_bravado_1791325052385718000
2026-10-06 15:17:32 "vid_width" is "800"
2026-10-06 15:17:32 Default: "0"
2026-10-06 15:17:32 "vid_height" is "600"
2026-10-06 15:17:32 Default: "0"
2026-10-06 15:17:32 "vid_vsync" is "0" (default)
2026-10-06 15:17:32 Playing demo from fps_bravado.dem.
2026-10-06 15:17:32 Setting windowed mode 800*600 OpenGL
2026-10-06 15:17:32 GL_VENDOR: NVIDIA Corporation
2026-10-06 15:17:32 GL_RENDERER: NVIDIA GeForce RTX 4070/PCIe/SSE2
2026-10-06 15:17:32 GL_VERSION: 4.6.0 NVIDIA 610.88
2026-10-06 15:17:33 OpenGL renderer initialized
2026-10-06 15:17:33 ^Ue080^Ue081^Ue081^Ue081^Ue081^Ue081^Ue081 Quake Initialized ^Ue081^Ue081^Ue081^Ue081^Ue081^Ue081^Ue082
2026-10-06 15:17:33 
2026-10-06 15:17:33 
2026-10-06 15:17:33 ^Ue01d^Ue01e^Ue01e^Ue01e^Ue01e^Ue01e^Ue01e^Ue01e^Ue01e^Ue01e^Ue01e^Ue01e^Ue01e^Ue01e^Ue01e^Ue01e^Ue01e^Ue01e^Ue01f
2026-10-06 15:17:33 
2026-10-06 15:17:33 Bravado - by foogs [remake]
2026-10-06 15:17:33 1443 frames   0.5 seconds 2820.5 fps
