--- fte\qconsole.log ---
FPS_BENCH_fteqw_e1m2_1791325189342966000
2026-10-06 15:19:49 "vid_width" is "800"
2026-10-06 15:19:49 Default: "0"
2026-10-06 15:19:49 "vid_height" is "600"
2026-10-06 15:19:49 Default: "0"
2026-10-06 15:19:49 "vid_vsync" is "0" (default)
2026-10-06 15:19:49 Playing demo from fps_e1m2.dem.
2026-10-06 15:19:49 Setting windowed mode 800*600 OpenGL
2026-10-06 15:19:49 GL_VENDOR: NVIDIA Corporation
2026-10-06 15:19:49 GL_RENDERER: NVIDIA GeForce RTX 4070/PCIe/SSE2
2026-10-06 15:19:49 GL_VERSION: 4.6.0 NVIDIA 610.88
2026-10-06 15:19:50 OpenGL renderer initialized
2026-10-06 15:19:50 ^Ue080^Ue081^Ue081^Ue081^Ue081^Ue081^Ue081 Quake Initialized ^Ue081^Ue081^Ue081^Ue081^Ue081^Ue081^Ue082
2026-10-06 15:19:50 
2026-10-06 15:19:50 
2026-10-06 15:19:50 ^Ue01d^Ue01e^Ue01e^Ue01e^Ue01e^Ue01e^Ue01e^Ue01e^Ue01e^Ue01e^Ue01e^Ue01e^Ue01e^Ue01e^Ue01e^Ue01e^Ue01e^Ue01e^Ue01f
2026-10-06 15:19:50 
2026-10-06 15:19:50 Castle of the Damned
2026-10-06 15:19:50 1443 frames   0.5 seconds 3120.2 fps
