--- fte\qconsole.log ---
FPS_BENCH_fteqw_e1m2_1791325167036748500
2026-10-06 15:19:27 "vid_width" is "800"
2026-10-06 15:19:27 Default: "0"
2026-10-06 15:19:27 "vid_height" is "600"
2026-10-06 15:19:27 Default: "0"
2026-10-06 15:19:27 "vid_vsync" is "0" (default)
2026-10-06 15:19:27 Playing demo from fps_e1m2.dem.
2026-10-06 15:19:27 Setting windowed mode 800*600 OpenGL
2026-10-06 15:19:27 GL_VENDOR: NVIDIA Corporation
2026-10-06 15:19:27 GL_RENDERER: NVIDIA GeForce RTX 4070/PCIe/SSE2
2026-10-06 15:19:27 GL_VERSION: 4.6.0 NVIDIA 610.88
2026-10-06 15:19:27 OpenGL renderer initialized
2026-10-06 15:19:27 ^Ue080^Ue081^Ue081^Ue081^Ue081^Ue081^Ue081 Quake Initialized ^Ue081^Ue081^Ue081^Ue081^Ue081^Ue081^Ue082
2026-10-06 15:19:27 
2026-10-06 15:19:27 
2026-10-06 15:19:27 ^Ue01d^Ue01e^Ue01e^Ue01e^Ue01e^Ue01e^Ue01e^Ue01e^Ue01e^Ue01e^Ue01e^Ue01e^Ue01e^Ue01e^Ue01e^Ue01e^Ue01e^Ue01e^Ue01f
2026-10-06 15:19:27 
2026-10-06 15:19:27 Castle of the Damned
2026-10-06 15:19:28 1443 frames   0.5 seconds 3127.4 fps
