--- fte\qconsole.log ---
FPS_BENCH_fteqw_dm2_1791325231704605600
2026-10-06 15:20:31 "vid_width" is "800"
2026-10-06 15:20:31 Default: "0"
2026-10-06 15:20:31 "vid_height" is "600"
2026-10-06 15:20:31 Default: "0"
2026-10-06 15:20:31 "vid_vsync" is "0" (default)
2026-10-06 15:20:32 Playing demo from fps_dm2.dem.
2026-10-06 15:20:32 Setting windowed mode 800*600 OpenGL
2026-10-06 15:20:32 GL_VENDOR: NVIDIA Corporation
2026-10-06 15:20:32 GL_RENDERER: NVIDIA GeForce RTX 4070/PCIe/SSE2
2026-10-06 15:20:32 GL_VERSION: 4.6.0 NVIDIA 610.88
2026-10-06 15:20:32 OpenGL renderer initialized
2026-10-06 15:20:32 ^Ue080^Ue081^Ue081^Ue081^Ue081^Ue081^Ue081 Quake Initialized ^Ue081^Ue081^Ue081^Ue081^Ue081^Ue081^Ue082
2026-10-06 15:20:32 
2026-10-06 15:20:32 
2026-10-06 15:20:32 ^Ue01d^Ue01e^Ue01e^Ue01e^Ue01e^Ue01e^Ue01e^Ue01e^Ue01e^Ue01e^Ue01e^Ue01e^Ue01e^Ue01e^Ue01e^Ue01e^Ue01e^Ue01e^Ue01f
2026-10-06 15:20:32 
2026-10-06 15:20:32 Claustrophobopolis
2026-10-06 15:20:33 1443 frames   0.4 seconds 3403.3 fps
