--- fte\qconsole.log ---
FPS_BENCH_fteqw_ztndm3_1791324944462620100
2026-10-06 15:15:44 "vid_width" is "800"
2026-10-06 15:15:44 Default: "0"
2026-10-06 15:15:44 "vid_height" is "600"
2026-10-06 15:15:44 Default: "0"
2026-10-06 15:15:44 "vid_vsync" is "0" (default)
2026-10-06 15:15:44 Playing demo from fps_ztndm3.dem.
2026-10-06 15:15:44 Setting windowed mode 800*600 OpenGL
2026-10-06 15:15:44 GL_VENDOR: NVIDIA Corporation
2026-10-06 15:15:44 GL_RENDERER: NVIDIA GeForce RTX 4070/PCIe/SSE2
2026-10-06 15:15:44 GL_VERSION: 4.6.0 NVIDIA 610.88
2026-10-06 15:15:45 OpenGL renderer initialized
2026-10-06 15:15:45 ^Ue080^Ue081^Ue081^Ue081^Ue081^Ue081^Ue081 Quake Initialized ^Ue081^Ue081^Ue081^Ue081^Ue081^Ue081^Ue082
2026-10-06 15:15:45 
2026-10-06 15:15:45 
2026-10-06 15:15:45 ^Ue01d^Ue01e^Ue01e^Ue01e^Ue01e^Ue01e^Ue01e^Ue01e^Ue01e^Ue01e^Ue01e^Ue01e^Ue01e^Ue01e^Ue01e^Ue01e^Ue01e^Ue01e^Ue01f
2026-10-06 15:15:45 
2026-10-06 15:15:45 Blood Run
2026-10-06 15:15:45 1443 frames   0.4 seconds 3210.9 fps
