--- fte\qconsole.log ---
FPS_BENCH_fteqw_bravado_1791325029352449700
2026-10-06 15:17:09 "vid_width" is "800"
2026-10-06 15:17:09 Default: "0"
2026-10-06 15:17:09 "vid_height" is "600"
2026-10-06 15:17:09 Default: "0"
2026-10-06 15:17:09 "vid_vsync" is "0" (default)
2026-10-06 15:17:09 Playing demo from fps_bravado.dem.
2026-10-06 15:17:09 Setting windowed mode 800*600 OpenGL
2026-10-06 15:17:09 GL_VENDOR: NVIDIA Corporation
2026-10-06 15:17:09 GL_RENDERER: NVIDIA GeForce RTX 4070/PCIe/SSE2
2026-10-06 15:17:09 GL_VERSION: 4.6.0 NVIDIA 610.88
2026-10-06 15:17:10 OpenGL renderer initialized
2026-10-06 15:17:10 ^Ue080^Ue081^Ue081^Ue081^Ue081^Ue081^Ue081 Quake Initialized ^Ue081^Ue081^Ue081^Ue081^Ue081^Ue081^Ue082
2026-10-06 15:17:10 
2026-10-06 15:17:10 
2026-10-06 15:17:10 ^Ue01d^Ue01e^Ue01e^Ue01e^Ue01e^Ue01e^Ue01e^Ue01e^Ue01e^Ue01e^Ue01e^Ue01e^Ue01e^Ue01e^Ue01e^Ue01e^Ue01e^Ue01e^Ue01f
2026-10-06 15:17:10 
2026-10-06 15:17:10 Bravado - by foogs [remake]
2026-10-06 15:17:10 1443 frames   0.5 seconds 2752.3 fps
