--- fte\qconsole.log ---
FPS_BENCH_fteqw_bravado_1791325015160887500
2026-10-06 15:16:55 "vid_width" is "800"
2026-10-06 15:16:55 Default: "0"
2026-10-06 15:16:55 "vid_height" is "600"
2026-10-06 15:16:55 Default: "0"
2026-10-06 15:16:55 "vid_vsync" is "0" (default)
2026-10-06 15:16:55 Playing demo from fps_bravado.dem.
2026-10-06 15:16:55 Setting windowed mode 800*600 OpenGL
2026-10-06 15:16:55 GL_VENDOR: NVIDIA Corporation
2026-10-06 15:16:55 GL_RENDERER: NVIDIA GeForce RTX 4070/PCIe/SSE2
2026-10-06 15:16:55 GL_VERSION: 4.6.0 NVIDIA 610.88
2026-10-06 15:16:56 OpenGL renderer initialized
2026-10-06 15:16:56 ^Ue080^Ue081^Ue081^Ue081^Ue081^Ue081^Ue081 Quake Initialized ^Ue081^Ue081^Ue081^Ue081^Ue081^Ue081^Ue082
2026-10-06 15:16:56 
2026-10-06 15:16:56 
2026-10-06 15:16:56 ^Ue01d^Ue01e^Ue01e^Ue01e^Ue01e^Ue01e^Ue01e^Ue01e^Ue01e^Ue01e^Ue01e^Ue01e^Ue01e^Ue01e^Ue01e^Ue01e^Ue01e^Ue01e^Ue01f
2026-10-06 15:16:56 
2026-10-06 15:16:56 Bravado - by foogs [remake]
2026-10-06 15:16:56 1443 frames   0.5 seconds 2707.9 fps
