--- fte\qconsole.log ---
FPS_BENCH_fteqw_schloss_1791325146213499000
2026-10-06 15:19:06 "vid_width" is "800"
2026-10-06 15:19:06 Default: "0"
2026-10-06 15:19:06 "vid_height" is "600"
2026-10-06 15:19:06 Default: "0"
2026-10-06 15:19:06 "vid_vsync" is "0" (default)
2026-10-06 15:19:06 Playing demo from fps_schloss.dem.
2026-10-06 15:19:06 Setting windowed mode 800*600 OpenGL
2026-10-06 15:19:06 GL_VENDOR: NVIDIA Corporation
2026-10-06 15:19:06 GL_RENDERER: NVIDIA GeForce RTX 4070/PCIe/SSE2
2026-10-06 15:19:06 GL_VERSION: 4.6.0 NVIDIA 610.88
2026-10-06 15:19:07 OpenGL renderer initialized
2026-10-06 15:19:07 ^Ue080^Ue081^Ue081^Ue081^Ue081^Ue081^Ue081 Quake Initialized ^Ue081^Ue081^Ue081^Ue081^Ue081^Ue081^Ue082
2026-10-06 15:19:07 
2026-10-06 15:19:07 
2026-10-06 15:19:07 ^Ue01d^Ue01e^Ue01e^Ue01e^Ue01e^Ue01e^Ue01e^Ue01e^Ue01e^Ue01e^Ue01e^Ue01e^Ue01e^Ue01e^Ue01e^Ue01e^Ue01e^Ue01e^Ue01f
2026-10-06 15:19:07 
2026-10-06 15:19:07 Schloss Adler 
2026-10-06 15:19:07 
2026-10-06 15:19:07 by Zaka
2026-10-06 15:19:07 
2026-10-06 15:19:07 1443 frames   0.5 seconds 2706.8 fps
