--- fte\qconsole.log ---
FPS_BENCH_fteqw_dm3_1791324979404170700
2026-10-06 15:16:19 "vid_width" is "800"
2026-10-06 15:16:19 Default: "0"
2026-10-06 15:16:19 "vid_height" is "600"
2026-10-06 15:16:19 Default: "0"
2026-10-06 15:16:19 "vid_vsync" is "0" (default)
2026-10-06 15:16:19 Playing demo from fps_dm3.dem.
2026-10-06 15:16:19 Setting windowed mode 800*600 OpenGL
2026-10-06 15:16:19 GL_VENDOR: NVIDIA Corporation
2026-10-06 15:16:19 GL_RENDERER: NVIDIA GeForce RTX 4070/PCIe/SSE2
2026-10-06 15:16:19 GL_VERSION: 4.6.0 NVIDIA 610.88
2026-10-06 15:16:20 OpenGL renderer initialized
2026-10-06 15:16:20 ^Ue080^Ue081^Ue081^Ue081^Ue081^Ue081^Ue081 Quake Initialized ^Ue081^Ue081^Ue081^Ue081^Ue081^Ue081^Ue082
2026-10-06 15:16:20 
2026-10-06 15:16:20 
2026-10-06 15:16:20 ^Ue01d^Ue01e^Ue01e^Ue01e^Ue01e^Ue01e^Ue01e^Ue01e^Ue01e^Ue01e^Ue01e^Ue01e^Ue01e^Ue01e^Ue01e^Ue01e^Ue01e^Ue01e^Ue01f
2026-10-06 15:16:20 
2026-10-06 15:16:20 The Abandoned Base
2026-10-06 15:16:20 1443 frames   0.4 seconds 3327.1 fps
