--- fte\qconsole.log ---
FPS_BENCH_fteqw_schloss_1791325153830146400
2026-10-06 15:19:14 "vid_width" is "800"
2026-10-06 15:19:14 Default: "0"
2026-10-06 15:19:14 "vid_height" is "600"
2026-10-06 15:19:14 Default: "0"
2026-10-06 15:19:14 "vid_vsync" is "0" (default)
2026-10-06 15:19:14 Playing demo from fps_schloss.dem.
2026-10-06 15:19:14 Setting windowed mode 800*600 OpenGL
2026-10-06 15:19:14 GL_VENDOR: NVIDIA Corporation
2026-10-06 15:19:14 GL_RENDERER: NVIDIA GeForce RTX 4070/PCIe/SSE2
2026-10-06 15:19:14 GL_VERSION: 4.6.0 NVIDIA 610.88
2026-10-06 15:19:14 OpenGL renderer initialized
2026-10-06 15:19:14 ^Ue080^Ue081^Ue081^Ue081^Ue081^Ue081^Ue081 Quake Initialized ^Ue081^Ue081^Ue081^Ue081^Ue081^Ue081^Ue082
2026-10-06 15:19:14 
2026-10-06 15:19:14 
2026-10-06 15:19:14 ^Ue01d^Ue01e^Ue01e^Ue01e^Ue01e^Ue01e^Ue01e^Ue01e^Ue01e^Ue01e^Ue01e^Ue01e^Ue01e^Ue01e^Ue01e^Ue01e^Ue01e^Ue01e^Ue01f
2026-10-06 15:19:14 
2026-10-06 15:19:14 Schloss Adler 
2026-10-06 15:19:14 
2026-10-06 15:19:14 by Zaka
2026-10-06 15:19:14 
2026-10-06 15:19:15 1443 frames   0.5 seconds 2647.0 fps
