--- fte\qconsole.log ---
FPS_BENCH_fteqw_e1m2_1791325203544271200
2026-10-06 15:20:03 "vid_width" is "800"
2026-10-06 15:20:03 Default: "0"
2026-10-06 15:20:03 "vid_height" is "600"
2026-10-06 15:20:03 Default: "0"
2026-10-06 15:20:03 "vid_vsync" is "0" (default)
2026-10-06 15:20:03 Playing demo from fps_e1m2.dem.
2026-10-06 15:20:03 Setting windowed mode 800*600 OpenGL
2026-10-06 15:20:03 GL_VENDOR: NVIDIA Corporation
2026-10-06 15:20:03 GL_RENDERER: NVIDIA GeForce RTX 4070/PCIe/SSE2
2026-10-06 15:20:03 GL_VERSION: 4.6.0 NVIDIA 610.88
2026-10-06 15:20:04 OpenGL renderer initialized
2026-10-06 15:20:04 ^Ue080^Ue081^Ue081^Ue081^Ue081^Ue081^Ue081 Quake Initialized ^Ue081^Ue081^Ue081^Ue081^Ue081^Ue081^Ue082
2026-10-06 15:20:04 
2026-10-06 15:20:04 
2026-10-06 15:20:04 ^Ue01d^Ue01e^Ue01e^Ue01e^Ue01e^Ue01e^Ue01e^Ue01e^Ue01e^Ue01e^Ue01e^Ue01e^Ue01e^Ue01e^Ue01e^Ue01e^Ue01e^Ue01e^Ue01f
2026-10-06 15:20:04 
2026-10-06 15:20:04 Castle of the Damned
2026-10-06 15:20:04 1443 frames   0.5 seconds 3116.3 fps
