--- fte\qconsole.log ---
FPS_BENCH_fteqw_aerowalk_1791324859355716000
2026-10-06 15:14:19 "vid_width" is "800"
2026-10-06 15:14:19 Default: "0"
2026-10-06 15:14:19 "vid_height" is "600"
2026-10-06 15:14:19 Default: "0"
2026-10-06 15:14:19 "vid_vsync" is "0" (default)
2026-10-06 15:14:19 Playing demo from fps_aerowalk.dem.
2026-10-06 15:14:19 Setting windowed mode 800*600 OpenGL
2026-10-06 15:14:19 GL_VENDOR: NVIDIA Corporation
2026-10-06 15:14:19 GL_RENDERER: NVIDIA GeForce RTX 4070/PCIe/SSE2
2026-10-06 15:14:19 GL_VERSION: 4.6.0 NVIDIA 610.88
2026-10-06 15:14:20 OpenGL renderer initialized
2026-10-06 15:14:20 ^Ue080^Ue081^Ue081^Ue081^Ue081^Ue081^Ue081 Quake Initialized ^Ue081^Ue081^Ue081^Ue081^Ue081^Ue081^Ue082
2026-10-06 15:14:20 
2026-10-06 15:14:20 
2026-10-06 15:14:20 ^Ue01d^Ue01e^Ue01e^Ue01e^Ue01e^Ue01e^Ue01e^Ue01e^Ue01e^Ue01e^Ue01e^Ue01e^Ue01e^Ue01e^Ue01e^Ue01e^Ue01e^Ue01e^Ue01f
2026-10-06 15:14:20 
2026-10-06 15:14:20 Aerowalk
2026-10-06 15:14:20 1446 frames   0.5 seconds 2886.8 fps
