--- fte\qconsole.log ---
FPS_BENCH_fteqw_ctf2m8_1791325267249620900
2026-10-06 15:21:07 "vid_width" is "800"
2026-10-06 15:21:07 Default: "0"
2026-10-06 15:21:07 "vid_height" is "600"
2026-10-06 15:21:07 Default: "0"
2026-10-06 15:21:07 "vid_vsync" is "0" (default)
2026-10-06 15:21:07 Playing demo from fps_ctf2m8.dem.
2026-10-06 15:21:07 Setting windowed mode 800*600 OpenGL
2026-10-06 15:21:07 GL_VENDOR: NVIDIA Corporation
2026-10-06 15:21:07 GL_RENDERER: NVIDIA GeForce RTX 4070/PCIe/SSE2
2026-10-06 15:21:07 GL_VERSION: 4.6.0 NVIDIA 610.88
2026-10-06 15:21:08 OpenGL renderer initialized
2026-10-06 15:21:08 ^Ue080^Ue081^Ue081^Ue081^Ue081^Ue081^Ue081 Quake Initialized ^Ue081^Ue081^Ue081^Ue081^Ue081^Ue081^Ue082
2026-10-06 15:21:08 
2026-10-06 15:21:08 
2026-10-06 15:21:08 ^Ue01d^Ue01e^Ue01e^Ue01e^Ue01e^Ue01e^Ue01e^Ue01e^Ue01e^Ue01e^Ue01e^Ue01e^Ue01e^Ue01e^Ue01e^Ue01e^Ue01e^Ue01e^Ue01f
2026-10-06 15:21:08 
2026-10-06 15:21:08 Capturephobopolis
2026-10-06 15:21:08 1443 frames   0.5 seconds 3160.0 fps
