--- fte\qconsole.log ---
FPS_BENCH_fteqw_dm3_1791324965301789900
2026-10-06 15:16:05 "vid_width" is "800"
2026-10-06 15:16:05 Default: "0"
2026-10-06 15:16:05 "vid_height" is "600"
2026-10-06 15:16:05 Default: "0"
2026-10-06 15:16:05 "vid_vsync" is "0" (default)
2026-10-06 15:16:05 Playing demo from fps_dm3.dem.
2026-10-06 15:16:05 Setting windowed mode 800*600 OpenGL
2026-10-06 15:16:05 GL_VENDOR: NVIDIA Corporation
2026-10-06 15:16:05 GL_RENDERER: NVIDIA GeForce RTX 4070/PCIe/SSE2
2026-10-06 15:16:05 GL_VERSION: 4.6.0 NVIDIA 610.88
2026-10-06 15:16:06 OpenGL renderer initialized
2026-10-06 15:16:06 ^Ue080^Ue081^Ue081^Ue081^Ue081^Ue081^Ue081 Quake Initialized ^Ue081^Ue081^Ue081^Ue081^Ue081^Ue081^Ue082
2026-10-06 15:16:06 
2026-10-06 15:16:06 
2026-10-06 15:16:06 ^Ue01d^Ue01e^Ue01e^Ue01e^Ue01e^Ue01e^Ue01e^Ue01e^Ue01e^Ue01e^Ue01e^Ue01e^Ue01e^Ue01e^Ue01e^Ue01e^Ue01e^Ue01e^Ue01f
2026-10-06 15:16:06 
2026-10-06 15:16:06 The Abandoned Base
2026-10-06 15:16:06 1443 frames   0.4 seconds 3389.7 fps
