--- fte\qconsole.log ---
FPS_BENCH_fteqw_dm3_1791324958791732700
2026-10-06 15:15:59 "vid_width" is "800"
2026-10-06 15:15:59 Default: "0"
2026-10-06 15:15:59 "vid_height" is "600"
2026-10-06 15:15:59 Default: "0"
2026-10-06 15:15:59 "vid_vsync" is "0" (default)
2026-10-06 15:15:59 Playing demo from fps_dm3.dem.
2026-10-06 15:15:59 Setting windowed mode 800*600 OpenGL
2026-10-06 15:15:59 GL_VENDOR: NVIDIA Corporation
2026-10-06 15:15:59 GL_RENDERER: NVIDIA GeForce RTX 4070/PCIe/SSE2
2026-10-06 15:15:59 GL_VERSION: 4.6.0 NVIDIA 610.88
2026-10-06 15:15:59 OpenGL renderer initialized
2026-10-06 15:15:59 ^Ue080^Ue081^Ue081^Ue081^Ue081^Ue081^Ue081 Quake Initialized ^Ue081^Ue081^Ue081^Ue081^Ue081^Ue081^Ue082
2026-10-06 15:15:59 
2026-10-06 15:15:59 
2026-10-06 15:15:59 ^Ue01d^Ue01e^Ue01e^Ue01e^Ue01e^Ue01e^Ue01e^Ue01e^Ue01e^Ue01e^Ue01e^Ue01e^Ue01e^Ue01e^Ue01e^Ue01e^Ue01e^Ue01e^Ue01f
2026-10-06 15:15:59 
2026-10-06 15:15:59 The Abandoned Base
2026-10-06 15:16:00 1443 frames   0.4 seconds 3250.9 fps
