--- fte\qconsole.log ---
FPS_BENCH_fteqw_dm3_1791324972657227200
2026-10-06 15:16:12 "vid_width" is "800"
2026-10-06 15:16:12 Default: "0"
2026-10-06 15:16:12 "vid_height" is "600"
2026-10-06 15:16:12 Default: "0"
2026-10-06 15:16:12 "vid_vsync" is "0" (default)
2026-10-06 15:16:12 Playing demo from fps_dm3.dem.
2026-10-06 15:16:12 Setting windowed mode 800*600 OpenGL
2026-10-06 15:16:13 GL_VENDOR: NVIDIA Corporation
2026-10-06 15:16:13 GL_RENDERER: NVIDIA GeForce RTX 4070/PCIe/SSE2
2026-10-06 15:16:13 GL_VERSION: 4.6.0 NVIDIA 610.88
2026-10-06 15:16:13 OpenGL renderer initialized
2026-10-06 15:16:13 ^Ue080^Ue081^Ue081^Ue081^Ue081^Ue081^Ue081 Quake Initialized ^Ue081^Ue081^Ue081^Ue081^Ue081^Ue081^Ue082
2026-10-06 15:16:13 
2026-10-06 15:16:13 
2026-10-06 15:16:13 ^Ue01d^Ue01e^Ue01e^Ue01e^Ue01e^Ue01e^Ue01e^Ue01e^Ue01e^Ue01e^Ue01e^Ue01e^Ue01e^Ue01e^Ue01e^Ue01e^Ue01e^Ue01e^Ue01f
2026-10-06 15:16:13 
2026-10-06 15:16:13 The Abandoned Base
2026-10-06 15:16:14 1443 frames   0.4 seconds 3285.6 fps
