--- fte\qconsole.log ---
FPS_BENCH_fteqw_ztndm3_1791324901629159200
2026-10-06 15:15:01 "vid_width" is "800"
2026-10-06 15:15:01 Default: "0"
2026-10-06 15:15:01 "vid_height" is "600"
2026-10-06 15:15:01 Default: "0"
2026-10-06 15:15:01 "vid_vsync" is "0" (default)
2026-10-06 15:15:01 Playing demo from fps_ztndm3.dem.
2026-10-06 15:15:01 Setting windowed mode 800*600 OpenGL
2026-10-06 15:15:02 GL_VENDOR: NVIDIA Corporation
2026-10-06 15:15:02 GL_RENDERER: NVIDIA GeForce RTX 4070/PCIe/SSE2
2026-10-06 15:15:02 GL_VERSION: 4.6.0 NVIDIA 610.88
2026-10-06 15:15:02 OpenGL renderer initialized
2026-10-06 15:15:02 ^Ue080^Ue081^Ue081^Ue081^Ue081^Ue081^Ue081 Quake Initialized ^Ue081^Ue081^Ue081^Ue081^Ue081^Ue081^Ue082
2026-10-06 15:15:02 
2026-10-06 15:15:02 
2026-10-06 15:15:02 ^Ue01d^Ue01e^Ue01e^Ue01e^Ue01e^Ue01e^Ue01e^Ue01e^Ue01e^Ue01e^Ue01e^Ue01e^Ue01e^Ue01e^Ue01e^Ue01e^Ue01e^Ue01e^Ue01f
2026-10-06 15:15:02 
2026-10-06 15:15:02 Blood Run
2026-10-06 15:15:03 1443 frames   0.5 seconds 3143.0 fps
