--- fte\qconsole.log ---
FPS_BENCH_fteqw_aerowalk_1791324826467008400
2026-10-06 15:13:47 "vid_width" is "800"
2026-10-06 15:13:47 Default: "0"
2026-10-06 15:13:47 "vid_height" is "600"
2026-10-06 15:13:47 Default: "0"
2026-10-06 15:13:47 "vid_vsync" is "0" (default)
2026-10-06 15:13:47 Playing demo from fps_aerowalk.dem.
2026-10-06 15:13:47 Setting windowed mode 800*600 OpenGL
2026-10-06 15:13:47 GL_VENDOR: NVIDIA Corporation
2026-10-06 15:13:47 GL_RENDERER: NVIDIA GeForce RTX 4070/PCIe/SSE2
2026-10-06 15:13:47 GL_VERSION: 4.6.0 NVIDIA 610.88
2026-10-06 15:13:48 OpenGL renderer initialized
2026-10-06 15:13:48 ^Ue080^Ue081^Ue081^Ue081^Ue081^Ue081^Ue081 Quake Initialized ^Ue081^Ue081^Ue081^Ue081^Ue081^Ue081^Ue082
2026-10-06 15:13:48 
2026-10-06 15:13:48 
2026-10-06 15:13:48 ^Ue01d^Ue01e^Ue01e^Ue01e^Ue01e^Ue01e^Ue01e^Ue01e^Ue01e^Ue01e^Ue01e^Ue01e^Ue01e^Ue01e^Ue01e^Ue01e^Ue01e^Ue01e^Ue01f
2026-10-06 15:13:48 
2026-10-06 15:13:48 Aerowalk
2026-10-06 15:13:48 1446 frames   0.5 seconds 3034.5 fps
