--- fte\qconsole.log ---
FPS_BENCH_fteqw_ctf2m8_1791325281063212600
2026-10-06 15:21:21 "vid_width" is "800"
2026-10-06 15:21:21 Default: "0"
2026-10-06 15:21:21 "vid_height" is "600"
2026-10-06 15:21:21 Default: "0"
2026-10-06 15:21:21 "vid_vsync" is "0" (default)
2026-10-06 15:21:21 Playing demo from fps_ctf2m8.dem.
2026-10-06 15:21:21 Setting windowed mode 800*600 OpenGL
2026-10-06 15:21:21 GL_VENDOR: NVIDIA Corporation
2026-10-06 15:21:21 GL_RENDERER: NVIDIA GeForce RTX 4070/PCIe/SSE2
2026-10-06 15:21:21 GL_VERSION: 4.6.0 NVIDIA 610.88
2026-10-06 15:21:21 OpenGL renderer initialized
2026-10-06 15:21:21 ^Ue080^Ue081^Ue081^Ue081^Ue081^Ue081^Ue081 Quake Initialized ^Ue081^Ue081^Ue081^Ue081^Ue081^Ue081^Ue082
2026-10-06 15:21:21 
2026-10-06 15:21:21 
2026-10-06 15:21:21 ^Ue01d^Ue01e^Ue01e^Ue01e^Ue01e^Ue01e^Ue01e^Ue01e^Ue01e^Ue01e^Ue01e^Ue01e^Ue01e^Ue01e^Ue01e^Ue01e^Ue01e^Ue01e^Ue01f
2026-10-06 15:21:21 
2026-10-06 15:21:21 Capturephobopolis
2026-10-06 15:21:22 1443 frames   0.5 seconds 3138.4 fps
