--- qconsole.log ---
FPS_BENCH_qss_aerowalk_1791324893109911900 
"vid_width" is "800"
"vid_height" is "600"
"vid_vsync" is "0"
Playing demo from fps_aerowalk.dem.
Using protocol 15



Aerowalk
Client ping times:
   0 player
Client ping times:
   0 player
Client ping times:
   0 player
Client ping times:
   0 player
Client ping times:
   0 player
Client ping times:
   0 player
Client ping times:
   0 player
1445 frames   0.6 seconds 2383.5 fps
