--- native-prefdir/qconsole.log ---
FPS_BENCH_vkquake_aerowalk_1791324899834757400 
"vid_width" is "800"
"vid_height" is "600"
"vid_vsync" is "0"
Playing demo from fps_aerowalk.dem.



Aerowalk
Using protocol 15
Client ping times:
   0 player
Client ping times:
   0 player
Client ping times:
   0 player
Client ping times:
   0 player
Client ping times:
   0 player
Client ping times:
   0 player
Client ping times:
   0 player
1445 frames   0.7 seconds 2194.4 fps
