--- qconsole.log ---
FPS_BENCH_ironwail_aerowalk_1791236920315204600 
"vid_width" is "800" (default: "3840")
"vid_height" is "600" (default: "2160")
"vid_vsync" is "0" (default)
Playing demo from fps_aerowalk.dem.

----------------------------------------

Aerowalk
Using protocol 15
Warning: unnamed texture in maps/aerowalk.bsp, renaming to unnamed10
Warning: unnamed texture in maps/aerowalk.bsp, renaming to unnamed16
Warning: unnamed texture in maps/aerowalk.bsp, renaming to unnamed17
Client ping times:
   0 player
Client ping times:
   0 player
Client ping times:
   0 player
Client ping times:
   0 player
Client ping times:
   0 player
Client ping times:
   0 player
Client ping times:
   0 player
1445 frames   0.5 seconds 2935.4 fps
