FPS_BENCH_fteqw_adtears_1791323587514271800
2026-10-06 14:53:07 "vid_width" is "800"
2026-10-06 14:53:07 Default: "0"
2026-10-06 14:53:07 "vid_height" is "600"
2026-10-06 14:53:07 Default: "0"
2026-10-06 14:53:07 "vid_vsync" is "0" (default)
2026-10-06 14:53:07 Playing demo from adte_214.dem.
2026-10-06 14:53:07 Setting windowed mode 800*600 OpenGL
2026-10-06 14:53:07 GL_VENDOR: NVIDIA Corporation
2026-10-06 14:53:07 GL_RENDERER: NVIDIA GeForce RTX 4070/PCIe/SSE2
2026-10-06 14:53:07 GL_VERSION: 4.6.0 NVIDIA 610.88
2026-10-06 14:53:08 OpenGL renderer initialized
2026-10-06 14:53:08 ^Ue080^Ue081^Ue081^Ue081^Ue081^Ue081^Ue081 Quake Initialized ^Ue081^Ue081^Ue081^Ue081^Ue081^Ue081^Ue082
2026-10-06 14:53:08 
2026-10-06 14:53:08 VERSION 1.09 SERVER (42669 CRC)
2026-10-06 14:53:08 
2026-10-06 14:53:08 ^Ue01d^Ue01e^Ue01e^Ue01e^Ue01e^Ue01e^Ue01e^Ue01e^Ue01e^Ue01e^Ue01e^Ue01e^Ue01e^Ue01e^Ue01e^Ue01e^Ue01e^Ue01e^Ue01f
2026-10-06 14:53:08 
2026-10-06 14:53:08 Tears of the False God
2026-10-06 14:53:08 [INFO] Arcane Dimensions V1.80 Patch 1 
2026-10-06 14:53:09 Playing on Easy skill
2026-10-06 14:53:09 You got the Hallowed Shard
2026-10-06 14:53:10 You got the box of shells
2026-10-06 14:53:10 You got the box of shells
2026-10-06 14:53:11 You got the Grenade Launcher
2026-10-06 14:53:11 You got the Rocket Launcher
2026-10-06 14:53:11 You got the Hallowed Shard
2026-10-06 14:53:12 You got the box of rockets
2026-10-06 14:53:12 You got the box of rockets
2026-10-06 14:53:12 You got the Hallowed Shard
2026-10-06 14:53:12 You got the Hallowed Shard
2026-10-06 14:53:12 You got the Super Nailgun
2026-10-06 14:53:12 You got the Hallowed Shard
2026-10-06 14:53:12 You got the Hallowed Shard
2026-10-06 14:53:13 You got the box of rockets
2026-10-06 14:53:13 You got the Hallowed Shard
2026-10-06 14:53:13 You receive 15 health
2026-10-06 14:53:13 You got the Jump Boots
2026-10-06 14:53:13 You receive 15 health
2026-10-06 14:53:13 You got the Hallowed Shard
2026-10-06 14:53:14 You get 100 shells, 100 nails, 10 rockets, 20 cells from a backpack
2026-10-06 14:53:14 You got the Widowmaker Shotgun
2026-10-06 14:53:14 You got the Red Armour
2026-10-06 14:53:14 You got the Thunderbolt
2026-10-06 14:53:15 You get 80 shells, 100 nails, 15 rockets, 20 cells from a backpack
2026-10-06 14:53:16 You receive 25 health
2026-10-06 14:53:18 You get 2 rockets from a backpack
2026-10-06 14:53:18 You get 80 shells, 100 nails, 15 rockets, 20 cells from a backpack
2026-10-06 14:53:18 You got the box of cells
2026-10-06 14:53:18 You got the box of rockets
2026-10-06 14:53:19 You got the Quad Damage
2026-10-06 14:53:19 You got the Hallowed Shard
2026-10-06 14:53:19 You got the box of rockets
2026-10-06 14:53:23 You receive 25 health
2026-10-06 14:53:23 Quad Damage is wearing off!
2026-10-06 14:53:24 
2026-10-06 14:53:24 QdQ Stats patch for AD v1.8
2026-10-06 14:53:24 The recorded time was 2:14.46124
2026-10-06 14:53:24 
2026-10-06 14:53:25 9990 frames  16.0 seconds 625.7 fps
