FPS_BENCH_fteqw_adtears_1791323439540041400
2026-10-06 14:50:40 "vid_width" is "800"
2026-10-06 14:50:40 Default: "0"
2026-10-06 14:50:40 "vid_height" is "600"
2026-10-06 14:50:40 Default: "0"
2026-10-06 14:50:40 "vid_vsync" is "0" (default)
2026-10-06 14:50:40 Playing demo from adte_214.dem.
2026-10-06 14:50:40 Setting windowed mode 800*600 OpenGL
2026-10-06 14:50:40 GL_VENDOR: NVIDIA Corporation
2026-10-06 14:50:40 GL_RENDERER: NVIDIA GeForce RTX 4070/PCIe/SSE2
2026-10-06 14:50:40 GL_VERSION: 4.6.0 NVIDIA 610.88
2026-10-06 14:50:41 OpenGL renderer initialized
2026-10-06 14:50:41 ^Ue080^Ue081^Ue081^Ue081^Ue081^Ue081^Ue081 Quake Initialized ^Ue081^Ue081^Ue081^Ue081^Ue081^Ue081^Ue082
2026-10-06 14:50:41 
2026-10-06 14:50:41 VERSION 1.09 SERVER (42669 CRC)
2026-10-06 14:50:41 
2026-10-06 14:50:41 ^Ue01d^Ue01e^Ue01e^Ue01e^Ue01e^Ue01e^Ue01e^Ue01e^Ue01e^Ue01e^Ue01e^Ue01e^Ue01e^Ue01e^Ue01e^Ue01e^Ue01e^Ue01e^Ue01f
2026-10-06 14:50:41 
2026-10-06 14:50:41 Tears of the False God
2026-10-06 14:50:41 [INFO] Arcane Dimensions V1.80 Patch 1 
2026-10-06 14:50:42 Playing on Easy skill
2026-10-06 14:50:42 You got the Hallowed Shard
2026-10-06 14:50:43 You got the box of shells
2026-10-06 14:50:43 You got the box of shells
2026-10-06 14:50:44 You got the Grenade Launcher
2026-10-06 14:50:44 You got the Rocket Launcher
2026-10-06 14:50:45 You got the Hallowed Shard
2026-10-06 14:50:45 You got the box of rockets
2026-10-06 14:50:45 You got the box of rockets
2026-10-06 14:50:45 You got the Hallowed Shard
2026-10-06 14:50:45 You got the Hallowed Shard
2026-10-06 14:50:45 You got the Super Nailgun
2026-10-06 14:50:45 You got the Hallowed Shard
2026-10-06 14:50:45 You got the Hallowed Shard
2026-10-06 14:50:46 You got the box of rockets
2026-10-06 14:50:46 You got the Hallowed Shard
2026-10-06 14:50:46 You receive 15 health
2026-10-06 14:50:46 You got the Jump Boots
2026-10-06 14:50:46 You receive 15 health
2026-10-06 14:50:46 You got the Hallowed Shard
2026-10-06 14:50:47 You get 100 shells, 100 nails, 10 rockets, 20 cells from a backpack
2026-10-06 14:50:47 You got the Widowmaker Shotgun
2026-10-06 14:50:47 You got the Red Armour
2026-10-06 14:50:47 You got the Thunderbolt
2026-10-06 14:50:48 You get 80 shells, 100 nails, 15 rockets, 20 cells from a backpack
2026-10-06 14:50:49 You receive 25 health
2026-10-06 14:50:51 You get 2 rockets from a backpack
2026-10-06 14:50:51 You get 80 shells, 100 nails, 15 rockets, 20 cells from a backpack
2026-10-06 14:50:52 You got the box of cells
2026-10-06 14:50:52 You got the box of rockets
2026-10-06 14:50:52 You got the Quad Damage
2026-10-06 14:50:52 You got the Hallowed Shard
2026-10-06 14:50:53 You got the box of rockets
2026-10-06 14:50:56 You receive 25 health
2026-10-06 14:50:57 Quad Damage is wearing off!
2026-10-06 14:50:58 
2026-10-06 14:50:58 QdQ Stats patch for AD v1.8
2026-10-06 14:50:58 The recorded time was 2:14.46124
2026-10-06 14:50:58 
2026-10-06 14:50:59 9990 frames  16.7 seconds 599.1 fps
