FPS_BENCH_ironwail_adtears_1791323655230523500 
"vid_width" is "800" (default: "3840")
"vid_height" is "600" (default: "2160")
"vid_vsync" is "0" (default)
Playing demo from adte_214.dem.

VERSION 1.09 SERVER (42669 CRC)
----------------------------------------

Tears of the False God
Using protocol 999
Couldn't load sound/sound/ogre/ogidle2.wav
[INFO] Arcane Dimensions V1.80 Patch 1 
Playing on Easy skill
You got the Hallowed Shard
----------------------------------------
        There are more to go...
----------------------------------------
----------------------------------------
     You've found a Hallowed Shard!
----------------------------------------
You got the box of shells
You got the box of shells
You got the Grenade Launcher
You got the Rocket Launcher
You got the Hallowed Shard
----------------------------------------
        There are more to go...
----------------------------------------
----------------------------------------
    You now have 2 Hallowed Shards!
----------------------------------------
You got the box of rockets
You got the box of rockets
----------------------------------------
             Secret found!
                    
           - West Tower Top -
----------------------------------------
You got the Hallowed Shard
----------------------------------------
        There are more to go...
----------------------------------------
----------------------------------------
    You now have 3 Hallowed Shards!
----------------------------------------
You got the Hallowed Shard
----------------------------------------
        There are more to go...
----------------------------------------
----------------------------------------
    You now have 4 Hallowed Shards!
----------------------------------------
You got the Super Nailgun
----------------------------------------
             Secret found!
                    
         - Waterfall Chamber -
----------------------------------------
You got the Hallowed Shard
----------------------------------------
          Only 3 more to go...
----------------------------------------
----------------------------------------
    You now have 5 Hallowed Shards!
----------------------------------------
----------------------------------------
             Secret found!
                    
       - Cliffside Storage Room -
----------------------------------------
You got the Hallowed Shard
----------------------------------------
          Only 2 more to go...
----------------------------------------
----------------------------------------
    You now have 6 Hallowed Shards!
----------------------------------------
You got the box of rockets
You got the Hallowed Shard
----------------------------------------
          Only 1 more to go...
----------------------------------------
----------------------------------------
    You now have 7 Hallowed Shards!
----------------------------------------
You receive 15 health
You got the Jump Boots
----------------------------------------
            Jump Boots found
                    
        You can now double jump!
----------------------------------------
You receive 15 health
You got the Hallowed Shard
----------------------------------------
          Sequence completed!
----------------------------------------
----------------------------------------
      You have 8 Hallowed Shards!
            You may Ascend!
----------------------------------------
You get 100 shells, 100 nails, 10 rockets, 20 cells from a backpack
You got the Widowmaker Shotgun
----------------------------------------
          Only 3 more to go...
----------------------------------------
----------------------------------------
          Only 2 more to go...
----------------------------------------
----------------------------------------
          Only 1 more to go...
----------------------------------------
You got the Red Armour
You got the Thunderbolt
----------------------------------------
          Sequence completed!
----------------------------------------
You get 80 shells, 100 nails, 15 rockets, 20 cells from a backpack
You receive 25 health
You get 2 rockets from a backpack
You get 80 shells, 100 nails, 15 rockets, 20 cells from a backpack
You got the box of cells
You got the box of rockets
You got the Quad Damage
You got the Hallowed Shard
----------------------------------------
    You now have 9 Hallowed Shards!
----------------------------------------
You got the box of rockets
You receive 25 health
Quad Damage is wearing off!
Couldn't find a cdrip for track 3
Couldn't find a cdrip for track 3

QdQ Stats patch for AD v1.8
The recorded time was 2:14.46124

9989 frames   4.2 seconds 2365.1 fps
