FPS_BENCH_qssm_adtears_1791332191021191500 
"vid_width" is "800" (default: "3840")
"vid_height" is "600" (default: "2160")
"vid_vsync" is "0" (default)
Playing demo from adte_214.dem.
#
VERSION 1.09 SERVER (42669 CRC)
Using protocol 999

<-------------------------------------->

#Tears of the False God
#Warning: misc/rumbleloop.wav contains bad LIST chunk
[INFO] Arcane Dimensions V1.80 Patch 1 
Playing on Easy skill
You got the Hallowed Shard
You got the box of shells
You got the box of shells
You got the Grenade Launcher
You got the Rocket Launcher
You got the Hallowed Shard
You got the box of rockets
You got the box of rockets
You got the Hallowed Shard
You got the Hallowed Shard
You got the Super Nailgun
You got the Hallowed Shard
You got the Hallowed Shard
You got the box of rockets
You got the Hallowed Shard
You receive 15 health
You got the Jump Boots
You receive 15 health
You got the Hallowed Shard
You get 100 shells, 100 nails, 10 rockets, 20 cells from a backpack
You got the Widowmaker Shotgun
You got the Red Armour
You got the Thunderbolt
You get 80 shells, 100 nails, 15 rockets, 20 cells from a backpack
You receive 25 health
You get 2 rockets from a backpack
You get 80 shells, 100 nails, 15 rockets, 20 cells from a backpack
You got the box of cells
You got the box of rockets
You got the Quad Damage
You got the Hallowed Shard
You got the box of rockets
You receive 25 health
Quad Damage is wearing off!
Couldn't find a cdrip for track 3
Couldn't find a cdrip for track 3

QdQ Stats patch for AD v1.8
The recorded time was 2:14.46124

9989 frames   8.4 seconds 1191.2 fps
