FPS_BENCH_qssm_ctf_1791331991233790500 
"vid_width" is "800" (default: "3840")
"vid_height" is "600" (default: "2160")
"vid_vsync" is "0" (default)
Playing demo from ctfmatch.dem.
Using protocol 15

<-------------------------------------->

#Red Alert - By EG
"timelimit" changed to "20"

.(woods): our quad
.(woods): our quad
.(woods): our quad
.(woods): our quad
.(woods): our quad
woods got the BLUE FLAG!
moof got the RED FLAG!
infin gets lead poisoned by woods's shotgun
You get the Double-barrelled Shotgun, 52 shells
wolff got his head blown off by woods's buckshot
You get the Rocket Launcher, 25 shells, 30 nails, 21 rockets
uns has connected with proquake version 3.50
You receive 15 health

You receive 25 health

Quad Damage is wearing off

.(woods): next quad at: 54
.(woods): next quad at: 54
.(woods): next quad at: 54
You receive 25 health

moof was shocked by player's thunderbolt
moof lost the RED flag!
player returned the RED FLAG!
.(woods): yes / base good / now
.(woods): yes / base good / now
.(woods): yes / base good / now
player was shocked by infin's thunderbolt
woods captured the BLUE FLAG!
capture time [00:38.17]
player gets an assist for returning the FLAG!
player gets an assist for fragging the FLAG carrier!
wolff got the RED FLAG!
You receive 25 health

wolff rides woods's rocket
wolff lost the RED flag!
wolff got the RED FLAG!
You receive 25 health

freekill was shocked by infin's thunderbolt
.(woods): quad soon
.(woods): quad soon
.(woods): quad soon
Match ends in 19 minutes

"timelimit" changed to "19"

.(player): @ <red elevator> [48/97.no weapons]
.(player): @ <red elevator> [48/97.no weapons]
woods got the BLUE FLAG!
You receive 15 health

You receive 25 health

.(player): @ <quad> [14/19.no weapons]
.(player): @ <quad> [14/19.no weapons]
.(player): @ <quad> [14/19.no weapons]
player got his head blown off by moof's buckshot
.(player): Need help @ <quad>
.(player): Need help @ <quad>
.(player): Need help @ <quad>
.(player): Need help @ <quad>
.(player): ENEMY QUAD 18:52
.(player): ENEMY QUAD 18:52
moof rides woods's rocket
You receive 25 health

You receive 25 health

You receive 25 health

You receive 25 health

You receive 25 health

infin rides player's rocket
wolff was gibbed by freekill's rocket
wolff lost the RED flag!
You receive 15 health

infin was gibbed by player's rocket
moof got the RED FLAG!
freekill was hooked by wolff
wolff was pierced by freekill
You receive 15 health

You receive 25 health

You receive 25 health

wolff was shocked by woods's thunderbolt
You get 64 shells, 5 rockets
infin rides player's rocket
You receive 25 health

You receive 25 health

wolff rides woods's rocket
You get 23 shells, 50 nails
.(player): @ <red elevator/quad> [195/122.rl,lg]
Match ends in 18 minutes

"timelimit" changed to "18"

moof was shocked by player's thunderbolt
moof lost the RED flag!
player rides moof's rocket
infin rides woods's rocket
.(player): Need help @ <quad/red side>
.(player): Need help @ <quad/red side>
.(player): Need help @ <quad/red side>
wolff got the RED FLAG!
wolff rides woods's rocket
wolff lost the RED flag!
woods rides wolff's rocket
woods lost the BLUE flag!
woods returned the RED FLAG!
You get the Rocket Launcher, 100 shells, 200 nails, 48 rockets, 39 cells
.(player): TEAM <quad> 17:49
.(player): TEAM <quad> 17:49
moof got the RED FLAG!
You receive 25 health

moof was shocked by player's thunderbolt
moof lost the RED flag!
player returned the RED FLAG!
You receive 15 health

player defends the RED flag
infin was shocked by player's thunderbolt
freekill was gibbed by wolff's rocket
.(player): BASE IS GOOD
.(player): BASE IS GOOD
.(player): BASE IS GOOD
You receive 25 health

wolff was shocked by woods's thunderbolt
You get 82 shells, 30 nails, 18 rockets, 6 cells
infin got the RED FLAG!
wolff was gibbed by woods's rocket
You get 24 shells, 20 rockets
You receive 25 health

You receive 100 health

.(woods): quad soon
.(woods): quad soon
.(woods): quad soon
Match ends in 17 minutes

"timelimit" changed to "17"

wolff was gibbed by player's rocket
player got the BLUE FLAG!
.(player): COVER THE QUAD
.(player): COVER THE QUAD
infin was shocked by woods's thunderbolt
infin lost the RED flag!
You get 24 shells, 5 rockets
woods returned the RED FLAG!
moof was shocked by woods's thunderbolt
You get 25 shells, 13 rockets, 22 cells
.(player): ENEMY QUAD 16:45
.(player): ENEMY QUAD 16:45
You receive 25 health

wolff got the RED FLAG!
You receive 25 health

infin defends BLUE's flag carrier
woods gets lead poisoned by infin's shotgun
.woods: wow
You receive 25 health

You receive 25 health

infin was pierced by freekill
You receive 25 health

You receive 15 health

moof defends BLUE's flag carrier
freekill was shocked by moof's thunderbolt
You receive 25 health

Match ends in 16 minutes

"timelimit" changed to "16"

wolff rides woods's rocket
wolff lost the RED flag!
woods returned the RED FLAG!
You get 100 shells, 200 nails, 88 rockets, 13 cells
player captured the BLUE FLAG!
capture time [00:54.90]
woods gets an assist for returning the FLAG!
woods gets an assist for fragging the FLAG carrier!
You receive 25 health

You receive 15 health

player defends the RED flag
infin was shocked by player's thunderbolt
player defends the RED flag
wolff rides player's rocket
You receive 25 health

infin got the RED FLAG!
infin rides player's rocket
infin lost the RED flag!
player returned the RED FLAG!
freekill got the BLUE FLAG!
player defends the RED flag
infin rides player's rocket
player was shocked by moof's thunderbolt
moof got the RED FLAG!
.(player): ENEMY QUAD 15:33
.(player): ENEMY QUAD 15:33
You receive 25 health

You receive 25 health

You receive 15 health

moof was shocked by woods's thunderbolt
moof lost the RED flag!
You receive 25 health

woods returned the RED FLAG!
You get 100 shells, 200 nails, 46 rockets, 1 cells
moof got the RED FLAG!
freekill rides wolff's rocket
freekill lost the BLUE flag!
wolff returned the BLUE FLAG!
woods got the BLUE FLAG!
.(woods): quad soon
.(woods): quad soon
.(woods): quad soon
.(woods): quad soon
.(woods): quad soon
Match ends in 15 minutes

The Red team has 124 frags

The Blue team has 16 frags

"timelimit" changed to "15"

.(freekill): need help/enemy @ somewhere
.(player): @ <quad/blue side> [195/96.lg]
infin was gibbed by woods's rocket
.(woods): our quad
.(woods): our quad
.(woods): our quad
.(woods): our quad
You receive 25 health

You receive 100 health

player rides wolff's rocket
moof was shocked by woods's thunderbolt
moof lost the RED flag!
You get 25 shells, 10 rockets
woods returned the RED FLAG!
wolff got the RED FLAG!
Quad Damage is wearing off

.(woods): next quad at: 49
.(woods): next quad at: 49
.(woods): next quad at: 49
player was shocked by infin's thunderbolt
infin was shocked by woods's thunderbolt
freekill rides wolff's rocket
.woods: lag
Match ends in 14 minutes

"timelimit" changed to "14"

.(woods): quad soon
.(woods): quad soon
.(woods): quad soon
.(woods): died @ Red RL Hallway
infin was shocked by player's thunderbolt
.(player): @ <red rl> [191/98.lg]
freekill rides wolff's rocket
infin was shocked by player's thunderbolt
moof was annihilated by woods's grenade
wolff was shocked by woods's thunderbolt
wolff lost the RED flag!
You get 100 shells, 90 nails, 24 rockets, 16 cells
woods returned the RED FLAG!
infin was shocked by woods's thunderbolt
moof got the RED FLAG!
You receive 25 health

Quad Damage is wearing off

.(woods): next quad at: 48
.(woods): next quad at: 48
.(woods): next quad at: 48
.(player): @ <quad> [196/100.rl,lg]
wolff was shocked by woods's thunderbolt
moof rides freekill's rocket
moof lost the RED flag!
freekill returned the RED FLAG!
wolff got the RED FLAG!
.(woods): yes / base good / now
.(woods): yes / base good / now
.(woods): yes / base good / now
.(woods): yes / base good / now
.(woods): yes / base good / now
You receive 25 health

You receive 25 health

wolff was gibbed by woods's rocket
wolff lost the RED flag!
moof got the RED FLAG!
You receive 15 health

.(woods): quad soon
.(woods): quad soon
Match ends in 13 minutes

"timelimit" changed to "13"

.(woods): quad soon
.(woods): quad soon
You receive 25 health

infin defends BLUE's flag carrier against an agressive enemy
player rides infin's rocket
.(woods): our quad @ QUAD with RL LG
.(woods): our quad @ QUAD with RL LG
.(woods): our quad
.(woods): our quad
.(woods): our quad
.(woods): our quad
.(woods): our quad
You receive 25 health

.(player): ENEMY QUAD 12:30
moof was heart broken by woods's quad rocket
moof lost the RED flag!
Quad Damage is wearing off

.(woods): next quad at: 48
.(woods): next quad at: 48
.(woods): next quad at: 48
woods returned the RED FLAG!
You get 43 shells, 5 rockets, 15 cells
wolff got the RED FLAG!
You receive 25 health

You receive 25 health

You receive 25 health

You receive 25 health

You receive 15 health

Match ends in 12 minutes

"timelimit" changed to "12"

You receive 25 health

You receive 100 health

.(player): ENEMY QUAD 11:41
.(player): ENEMY QUAD 11:41
freekill was heart broken by infin's quad rocket
infin blew himself up
freekill was gibbed by wolff's rocket
moof was shocked by player's thunderbolt
.(woods): quad soon
.(woods): quad soon
.(woods): quad soon
Match ends in 11 minutes

"timelimit" changed to "11"

.(player): @ <red front> [0/161.rl,lg]
infin was shocked by woods's thunderbolt
You get 83 shells, 30 nails, 9 rockets
.(player): @ <quad/red side> [147/152.rl,lg]
woods tried to juggle too many grenades
woods lost the BLUE flag!
moof gets lead poisoned by player's shotgun
.(player): Attack Their Base!!
woods rides wolff's rocket
.(player): @ <blue elevator> [111/116.rl,lg]
.(player): @ <blue elevator> [111/116.rl,lg]
freekill was gibbed by wolff's rocket
player got the BLUE FLAG!
woods was gibbed by infin's rocket
Match ends in 10 minutes

The Red team has 147 frags

The Blue team has 27 frags

"timelimit" changed to "10"

.(player): @ <mid/gl/quad hall/red> [168/190.rl,lg]
You receive 100 health

moof was annihilated by player's grenade
woods defends RED's flag carrier against an agressive enemy
infin was gibbed by woods's rocket
.(woods): our quad
.(woods): our quad
.(woods): our quad
.(woods): our quad
.(woods): our quad
moof was heart broken by woods's quad rocket
moof defends BLUE's flag carrier
freekill rides moof's rocket
Quad Damage is wearing off

.(woods): next quad at: 46
.(woods): next quad at: 46
.(woods): next quad at: 46
wolff was heart broken by woods's quad rocket
wolff lost the RED flag!
.(player): @ <red flag> [147/124.rl,lg]
You get 100 shells, 200 nails, 96 rockets, 56 cells
.(woods): waiting on flag return, tell me when
.(woods): waiting on flag return, tell me when
.(player): @ <red flag> [147/123.rl,lg]
.(woods): waiting on flag return, tell me when
.(player): @ <red flag> [147/123.rl,lg]
.(woods): waiting on flag return, tell me when
.(player): @ <red flag> [147/123.rl,lg]
.(woods): waiting on flag return, tell me when
.(player): @ <red flag> [147/123.rl,lg]
.(player): @ <red flag> [147/122.rl,lg]
.(player): @ <red flag> [147/122.rl,lg]
.(player): @ <red flag> [147/122.rl,lg]
.(player): @ <red flag> [147/120.rl,lg]
woods returned the RED FLAG!
.(player): @ <red flag> [147/120.rl,lg]
freekill was shocked by infin's thunderbolt
player captured the BLUE FLAG!
woods gets an assist for returning the FLAG!
woods gets an assist for fragging the FLAG carrier!
infin rides woods's rocket
woods got the BLUE FLAG!
You get the Thunderbolt, 100 shells, 80 nails, 15 rockets, 13 cells
Match ends in 9 minutes

"timelimit" changed to "9"

woods captured the BLUE FLAG!
capture time [00:11.00]
.(woods): quad soon
.(woods): quad soon
.(woods): quad soon
no weapon.

woods rides moof's rocket
moof rides player's rocket
wolff was gibbed by player's rocket
infin was gibbed by player's rocket
moof got the RED FLAG!
freekill got the BLUE FLAG!
.(player): @ <quad> [81/68.rl,lg]
.(player): TEAM <quad> 8:44
.(player): TEAM <quad> 8:44
woods was shocked by moof's thunderbolt
freekill was hooked by infin
freekill lost the BLUE flag!
infin returned the BLUE FLAG!
infin was shocked by player's thunderbolt
You receive 100 health

wolff was shocked by player's thunderbolt
freekill got the BLUE FLAG!
player defends RED's flag carrier
moof was shocked by player's thunderbolt
moof lost the RED flag!
woods returned the RED FLAG!
wolff got the RED FLAG!
.(woods): quad soon
.(woods): quad soon
.(woods): quad soon
freekill was shocked by infin's thunderbolt
freekill lost the BLUE flag!
infin returned the BLUE FLAG!
player got the BLUE FLAG!
Match ends in 8 minutes

"timelimit" changed to "8"

wolff rides woods's rocket
wolff lost the RED flag!
You get the Thunderbolt, 65 shells, 10 rockets, 18 cells
woods returned the RED FLAG!
no weapon.

wolff got the RED FLAG!
.(player): COVER THE QUAD
.(player): COVER THE QUAD
woods discovers blast radius
moof was shocked by player's thunderbolt
infin was shocked by player's thunderbolt
.(player): TEAM <> 7:43
.(player): TEAM <> 7:43
.(player): TEAM <quad> 7:41
.(player): TEAM <quad> 7:41
.(player): TEAM <quad> 7:40
You receive 25 health

You receive 25 health

You receive 15 health

wolff was shocked by player's thunderbolt
wolff lost the RED flag!
freekill returned the RED FLAG!
infin got the RED FLAG!
You receive 100 health

wolff rides woods's rocket
.(woods): quad soon
.(woods): quad soon
.(woods): quad soon
Match ends in 7 minutes

"timelimit" changed to "7"

moof defends BLUE's flag carrier against an agressive enemy
woods was shocked by moof's thunderbolt
infin was shocked by player's thunderbolt
infin lost the RED flag!
player returned the RED FLAG!
moof was gibbed by player's rocket
wolff got the RED FLAG!
.(player): TEAM <quad> 6:39
You receive 15 health

infin was shocked by player's thunderbolt
player was gibbed by moof's rocket
player lost the BLUE flag!
moof returned the BLUE FLAG!
woods got the BLUE FLAG!
.(player): QUAD IS DEAD!
.(player): QUAD IS DEAD!
wolff rides woods's rocket
wolff lost the RED flag!
freekill returned the RED FLAG!
infin got the RED FLAG!
infin rides woods's rocket
infin lost the RED flag!
player returned the RED FLAG!
wolff got the RED FLAG!
infin defends BLUE's flag carrier against an agressive enemy
player was hooked by infin
You receive 25 health

You receive 25 health

Match ends in 6 minutes

"timelimit" changed to "6"

You receive 25 health

moof was shocked by woods's thunderbolt
woods rides infin's rocket
woods lost the BLUE flag!
infin returned the BLUE FLAG!
wolff rides player's rocket
wolff lost the RED flag!
no weapon.

player got the BLUE FLAG!
freekill returned the RED FLAG!
wolff was gibbed by freekill's rocket
infin got the RED FLAG!
You receive 25 health

freekill was shocked by infin's thunderbolt
woods defends RED's flag carrier
moof rides woods's rocket
You get the Super Nailgun, 70 shells, 31 nails
You receive 15 health

You receive 25 health

You receive 25 health

wolff burries himself in the ground
Match ends in 5 minutes

The Red team has 264 frags

The Blue team has 50 frags

"timelimit" changed to "5"

infin found freekill's grenade
infin lost the RED flag!
freekill returned the RED FLAG!
.(woods): waiting on flag return, tell me when
.(woods): waiting on flag return, tell me when
.(woods): waiting on flag return, tell me when
player captured the BLUE FLAG!
capture time [00:50.77]
You receive 25 health

freekill got the BLUE FLAG!
infin rides woods's rocket
woods was annihilated by moof's grenade
infin got the RED FLAG!
moof was heart broken by player's quad rocket
.(player): TEAM <quad> 4:40
.(player): TEAM <quad> 4:40
.(player): TEAM <quad> 4:39
You receive 25 health

hsb has connected with proquake version 3.50
moof gets lead poisoned by player's shotgun
woods defends RED's flag carrier against an agressive enemy
wolff was shocked by woods's thunderbolt
You get 63 shells, 30 nails, 4 rockets
You receive 25 health

wolff was pierced by woods
You get 21 shells, 5 rockets
freekill rides moof's rocket
freekill lost the BLUE flag!
You receive 25 health

moof returned the BLUE FLAG!
Match ends in 4 minutes

"timelimit" changed to "4"

infin captured the RED FLAG!
capture time [00:44.57]
moof gets an assist for returning the FLAG!
moof gets an assist for fragging the FLAG carrier!
wolff got the RED FLAG!
player got the BLUE FLAG!
infin was shocked by player's thunderbolt
woods was shocked by moof's thunderbolt
freekill was hooked by infin
infin was gibbed by freekill's rocket
player rides moof's rocket
player lost the BLUE flag!
.(player): Need help @ <quad>
.(player): Need help @ <quad>
moof returned the BLUE FLAG!
wolff captured the RED FLAG!
capture time [00:16.37]
moof gets an assist for returning the FLAG!
moof gets an assist for fragging the FLAG carrier!
You receive 25 health

.(player): COVER THE QUAD
You receive 15 health

.(player): COVER THE QUAD
.(player): ENEMY QUAD 3:31
.(player): ENEMY QUAD 3:31
moof got the RED FLAG!
freekill was pulverized by moof's quad rocket
freekill got the BLUE FLAG!
You receive 100 health

freekill was shocked by moof's thunderbolt
freekill lost the BLUE flag!
moof returned the BLUE FLAG!
player got the BLUE FLAG!
Match ends in 3 minutes

"timelimit" changed to "3"

freekill rides wolff's rocket
woods rides moof's rocket
wolff was shocked by player's thunderbolt
freekill was shocked by moof's thunderbolt
You receive 25 health

You receive 100 health

player was shocked by moof's thunderbolt
player lost the BLUE flag!
moof returned the BLUE FLAG!
woods got the BLUE FLAG!
freekill was shocked by moof's thunderbolt
Match ends in 2 minutes

"timelimit" changed to "2"

wolff defends BLUE's flag carrier against an agressive enemy
woods was gibbed by wolff's rocket
woods lost the BLUE flag!
wolff returned the BLUE FLAG!
player got the BLUE FLAG!
freekill was gibbed by wolff's rocket
moof burries himself in the ground
moof lost the RED flag!
moof got the RED FLAG!
woods was gibbed by infin's rocket
wolff was gibbed by player's rocket
player was pulverized by infin's quad rocket
player lost the BLUE flag!
infin returned the BLUE FLAG!
woods got the BLUE FLAG!
infin was shocked by player's thunderbolt
You receive 25 health

.infin: :(
You receive 15 health

Match ends in 1 minute

The Red team has 314 frags

The Blue team has 155 frags

"timelimit" changed to "1"

moof was shocked by player's thunderbolt
moof lost the RED flag!
player returned the RED FLAG!
.(woods): waiting on flag return, tell me when
infin got the RED FLAG!
You receive 25 health

You receive 15 health

player defends RED's flag carrier against an agressive enemy
moof was shocked by player's thunderbolt
You receive 25 health

player rides wolff's rocket
wolff was shocked by woods's thunderbolt
You get 100 shells, 200 nails, 97 rockets, 63 cells
You receive 25 health

.(woods): our quad
.(woods): our quad
.(woods): our quad
.(woods): our quad
.(woods): our quad
.(woods): our quad
Match ends in 30 seconds

5 minute overtime in case of tie
You receive 25 health

wolff rides freekill's rocket
infin rides player's rocket
infin lost the RED flag!
Match ends in T minus

  10 seconds
player returned the RED FLAG!
  9 seconds
You receive 25 health

  8 seconds
Quad Damage is wearing off

You receive 100 health

  7 seconds
  6 seconds
wolff got the RED FLAG!
  5 seconds
  4 seconds
wolff was shocked by woods's thunderbolt
wolff lost the RED flag!
  3 seconds
woods returned the RED FLAG!
You get 25 shells
infin got the RED FLAG!
  2 seconds
  1 second
The Red team has 327 frags

The Blue team has 156 frags

The Red team has won

"timelimit" changed to "20"

The match is over
51711 frames  26.1 seconds 1981.8 fps
